
> cornerstore-frontend@1.0.0 build
> next build

  Γû▓ Next.js 14.2.35
  - Environments: .env.local
  - Experiments (use with caution):
    ┬╖ optimizeCss

   Creating an optimized production build ...
 Γ£ô Compiled successfully
   Linting and checking validity of types ...
node.exe : Failed to compile.
At C:\Program Files\nodejs\npm.ps1:29 char:3
+   & $NODE_EXE $NPM_CLI_JS $args
+   ~~~~~~~~~~~~~~~~~~~~~~~~~~~~~
    + CategoryInfo          : NotSpecified: (Failed to compile.:String) [], Re 
   moteException
    + FullyQualifiedErrorId : NativeCommandError
 

./src/components/QuickViewModal.tsx:51:35
Type error: Argument of type 'unknown[]' is not assignable to parameter of 
type 'SetStateAction<string[]>'.
  Type 'unknown[]' is not assignable to type 'string[]'.
    Type 'unknown' is not assignable to type 'string'.

[0m [90m 49 |[39m             [36mif[39m 
(inventoryResponse[33m.[39msuccess [33m&&[39m 
inventoryResponse[33m.[39mdata) {[0m
[0m [90m 50 |[39m                 [36mconst[39m sizes [33m=[39m 
[[33m...[39m[36mnew[39m 
[33mSet[39m(inventoryResponse[33m.[39mdata[33m.[39mmap((item[33m:[39m 
any) [33m=>[39m item[33m.[39msize))][33m;[39m[0m
[0m[31m[1m>[22m[39m[90m 51 |[39m                 
setAvailableSizes(sizes)[33m;[39m[0m
[0m [90m    |[39m                                   [31m[1m^[22m[39m[0m
[0m [90m 52 |[39m             }[0m
[0m [90m 53 |[39m         } [36mcatch[39m (error) {[0m
[0m [90m 54 |[39m             console[33m.[39merror([32m'Failed to load 
product options:'[39m[33m,[39m error)[33m;[39m[0m
Next.js build worker exited with code: 1 and signal: null
